// Jest Snapshot v1, https://goo.gl/fbAQLP

exports[`App snapshot test 1`] = `
<div
  className="App"
>
  <header
    className="App-header"
  >
    <img
      alt="logo"
      className="App-logo"
      src="node.svg"
    />
    <h1
      className="App-title"
    >
      Hello world! React testing
    </h1>
  </header>
  <div>
    <div>
      <div
        className="row"
      >
        <ul>
          <li
            className="col l6 s12"
          >
            <div
              className="card"
            >
              <div
                className="card-content"
              >
                <span
                  className="card-title"
                >
                  All work and no play makes 0xjack a dull boy
                </span>
              </div>
            </div>
            <br />
          </li>
          <li
            className="col l6 s12"
          >
            <div
              className="card"
            >
              <div
                className="card-content"
              >
                <span
                  className="card-title"
                >
                  All work and no play makes 0xjack a dull boy
                </span>
              </div>
            </div>
            <br />
          </li>
          <li
            className="col l6 s12"
          >
            <div
              className="card"
            >
              <div
                className="card-content"
              >
                <span
                  className="card-title"
                >
                  All work and no play makes 0xjack a dull boy
                </span>
              </div>
            </div>
            <br />
          </li>
          <li
            className="col l6 s12"
          >
            <div
              className="card"
            >
              <div
                className="card-content"
              >
                <span
                  className="card-title"
                >
                  All work and no play makes 0xjack a dull boy
                </span>
              </div>
            </div>
            <br />
          </li>
          <li
            className="col l6 s12"
          >
            <div
              className="card"
            >
              <div
                className="card-content"
              >
                <span
                  className="card-title"
                >
                  All work and no play makes 0xjack a dull boy
                </span>
              </div>
            </div>
            <br />
          </li>
        </ul>
      </div>
    </div>
  </div>
</div>
`;
